../Core/Inc/power_control.h:46:7:void PControl::SetEnable(bool)	16	static
../Core/Inc/power_control.h:53:7:bool PControl::IsError() const	16	static
../Drivers/CMSIS/Include/core_cm33.h:2711:34:void __NVIC_SystemReset()	4	static,ignoring_inline_asm
../Middlewares/ST/touchgfx/framework/include/mvp/MVPHeap.hpp:48:5:touchgfx::MVPHeap::MVPHeap(touchgfx::AbstractPartition&, touchgfx::AbstractPartition&, touchgfx::AbstractPartition&, touchgfx::MVPApplication&)	24	static
../Middlewares/ST/touchgfx/framework/include/mvp/MVPHeap.hpp:60:13:touchgfx::MVPHeap::~MVPHeap()	16	static
../Middlewares/ST/touchgfx/framework/include/mvp/MVPHeap.hpp:60:13:virtual touchgfx::MVPHeap::~MVPHeap()	16	static
../Middlewares/ST/touchgfx/framework/include/touchgfx/UIEventListener.hpp:44:18:virtual void touchgfx::UIEventListener::handleClickEvent(const touchgfx::ClickEvent&)	16	static
../Middlewares/ST/touchgfx/framework/include/touchgfx/UIEventListener.hpp:54:18:virtual void touchgfx::UIEventListener::handleDragEvent(const touchgfx::DragEvent&)	16	static
../Middlewares/ST/touchgfx/framework/include/touchgfx/UIEventListener.hpp:64:18:virtual void touchgfx::UIEventListener::handleGestureEvent(const touchgfx::GestureEvent&)	16	static
../Middlewares/ST/touchgfx/framework/include/touchgfx/UIEventListener.hpp:74:18:virtual void touchgfx::UIEventListener::handleKeyEvent(uint8_t)	16	static
../Middlewares/ST/touchgfx/framework/include/touchgfx/UIEventListener.hpp:83:18:virtual void touchgfx::UIEventListener::handleTickEvent()	16	static
../Middlewares/ST/touchgfx/framework/include/touchgfx/UIEventListener.hpp:88:18:virtual void touchgfx::UIEventListener::handlePendingScreenTransition()	16	static
../Middlewares/ST/touchgfx/framework/include/touchgfx/UIEventListener.hpp:93:13:touchgfx::UIEventListener::~UIEventListener()	16	static
../Middlewares/ST/touchgfx/framework/include/touchgfx/UIEventListener.hpp:93:13:virtual touchgfx::UIEventListener::~UIEventListener()	16	static
../Middlewares/ST/touchgfx/framework/include/touchgfx/Application.hpp:72:18:virtual void touchgfx::Application::changeToStartScreen()	16	static
../Middlewares/ST/touchgfx/framework/include/touchgfx/Application.hpp:91:18:virtual void touchgfx::Application::appSwitchScreen(uint8_t)	16	static
../Middlewares/ST/touchgfx/framework/include/touchgfx/Application.hpp:104:18:virtual void touchgfx::Application::requestRedraw(touchgfx::Rect&)	16	static
../Middlewares/ST/touchgfx/framework/include/touchgfx/Callback.hpp:179:13:touchgfx::GenericCallback<void>::~GenericCallback()	16	static
../Middlewares/ST/touchgfx/framework/include/touchgfx/Callback.hpp:179:13:virtual touchgfx::GenericCallback<void>::~GenericCallback()	16	static
../Middlewares/ST/touchgfx/framework/include/touchgfx/Application.hpp:41:7:touchgfx::Application::~Application()	16	static
../Middlewares/ST/touchgfx/framework/include/touchgfx/Application.hpp:41:7:virtual touchgfx::Application::~Application()	16	static
../Middlewares/ST/touchgfx/framework/include/mvp/MVPApplication.hpp:59:18:virtual void touchgfx::MVPApplication::handlePendingScreenTransition()	16	static
../Middlewares/ST/touchgfx/framework/include/mvp/MVPApplication.hpp:73:10:void touchgfx::MVPApplication::evaluatePendingScreenTransition()	16	static
../TouchGFX/gui/include/gui/model/Model.hpp:35:10:void Model::setSoundToggledCallback(SoundToggledCallback)	16	static
../Middlewares/ST/touchgfx/framework/include/mvp/MVPApplication.hpp:43:7:touchgfx::MVPApplication::~MVPApplication()	16	static
../Middlewares/ST/touchgfx/framework/include/mvp/MVPApplication.hpp:43:7:virtual touchgfx::MVPApplication::~MVPApplication()	16	static
../Middlewares/ST/touchgfx/framework/include/touchgfx/Callback.hpp:424:8:touchgfx::Callback<FrontendApplicationBase>::~Callback()	16	static
../Middlewares/ST/touchgfx/framework/include/touchgfx/Callback.hpp:424:8:virtual touchgfx::Callback<FrontendApplicationBase>::~Callback()	16	static
../TouchGFX/generated/gui_generated/include/gui_generated/common/FrontendApplicationBase.hpp:16:13:FrontendApplicationBase::~FrontendApplicationBase()	16	static
../TouchGFX/generated/gui_generated/include/gui_generated/common/FrontendApplicationBase.hpp:16:13:virtual FrontendApplicationBase::~FrontendApplicationBase()	16	static
../TouchGFX/generated/gui_generated/include/gui_generated/common/FrontendApplicationBase.hpp:18:18:virtual void FrontendApplicationBase::changeToStartScreen()	16	static
../Middlewares/ST/touchgfx/framework/include/touchgfx/Callback.hpp:424:8:touchgfx::Callback<FrontendApplication>::~Callback()	16	static
../Middlewares/ST/touchgfx/framework/include/touchgfx/Callback.hpp:424:8:virtual touchgfx::Callback<FrontendApplication>::~Callback()	16	static
../TouchGFX/gui/include/gui/common/FrontendApplication.hpp:14:13:FrontendApplication::~FrontendApplication()	16	static
../TouchGFX/gui/include/gui/common/FrontendApplication.hpp:14:13:virtual FrontendApplication::~FrontendApplication()	16	static
../TouchGFX/generated/gui_generated/include/gui_generated/common/FrontendHeapBase.hpp:86:18:virtual void FrontendHeapBase::gotoStartScreen(FrontendApplication&)	16	static
../TouchGFX/generated/gui_generated/include/gui_generated/common/FrontendHeapBase.hpp:91:5:FrontendHeapBase::FrontendHeapBase(touchgfx::AbstractPartition&, touchgfx::AbstractPartition&, touchgfx::AbstractPartition&, FrontendApplication&)	32	static
../TouchGFX/generated/gui_generated/include/gui_generated/common/FrontendHeapBase.hpp:38:7:FrontendHeapBase::~FrontendHeapBase()	16	static
../TouchGFX/generated/gui_generated/include/gui_generated/common/FrontendHeapBase.hpp:38:7:virtual FrontendHeapBase::~FrontendHeapBase()	16	static
../Middlewares/ST/touchgfx/framework/include/common/Partition.hpp:42:7:touchgfx::Partition<touchgfx::meta::TypeList<ScreenMenuPresenter, touchgfx::meta::TypeList<touchgfx::meta::Nil, touchgfx::meta::Nil> >, 1>::~Partition()	16	static
../Middlewares/ST/touchgfx/framework/include/common/Partition.hpp:42:7:virtual touchgfx::Partition<touchgfx::meta::TypeList<ScreenMenuPresenter, touchgfx::meta::TypeList<touchgfx::meta::Nil, touchgfx::meta::Nil> >, 1>::~Partition()	16	static
../Middlewares/ST/touchgfx/framework/include/common/Partition.hpp:42:7:touchgfx::Partition<touchgfx::meta::TypeList<mainscreenView, touchgfx::meta::TypeList<touchgfx::meta::Nil, touchgfx::meta::Nil> >, 1>::~Partition()	16	static
../Middlewares/ST/touchgfx/framework/include/common/Partition.hpp:42:7:virtual touchgfx::Partition<touchgfx::meta::TypeList<mainscreenView, touchgfx::meta::TypeList<touchgfx::meta::Nil, touchgfx::meta::Nil> >, 1>::~Partition()	16	static
../Middlewares/ST/touchgfx/framework/include/common/Partition.hpp:42:7:touchgfx::Partition<touchgfx::meta::TypeList<touchgfx::NoTransition, touchgfx::meta::TypeList<touchgfx::meta::Nil, touchgfx::meta::Nil> >, 1>::~Partition()	16	static
../Middlewares/ST/touchgfx/framework/include/common/Partition.hpp:42:7:virtual touchgfx::Partition<touchgfx::meta::TypeList<touchgfx::NoTransition, touchgfx::meta::TypeList<touchgfx::meta::Nil, touchgfx::meta::Nil> >, 1>::~Partition()	16	static
../TouchGFX/gui/include/gui/common/FrontendHeap.hpp:6:7:FrontendHeap::~FrontendHeap()	16	static
../TouchGFX/gui/include/gui/common/FrontendHeap.hpp:6:7:virtual FrontendHeap::~FrontendHeap()	16	static
../TouchGFX/gui/include/gui/common/FrontendHeap.hpp:56:29:void __tcf_0()	8	static
../TouchGFX/gui/include/gui/common/FrontendHeap.hpp:54:26:static FrontendHeap& FrontendHeap::getInstance()	8	static,ignoring_inline_asm
../Middlewares/ST/touchgfx/framework/include/common/Partition.hpp:42:7:touchgfx::Partition<touchgfx::meta::TypeList<ScreenMenuPresenter, touchgfx::meta::TypeList<touchgfx::meta::Nil, touchgfx::meta::Nil> >, 1>::Partition()	16	static
../Middlewares/ST/touchgfx/framework/include/common/Partition.hpp:42:7:touchgfx::Partition<touchgfx::meta::TypeList<mainscreenView, touchgfx::meta::TypeList<touchgfx::meta::Nil, touchgfx::meta::Nil> >, 1>::Partition()	16	static
../Middlewares/ST/touchgfx/framework/include/common/Partition.hpp:42:7:touchgfx::Partition<touchgfx::meta::TypeList<touchgfx::NoTransition, touchgfx::meta::TypeList<touchgfx::meta::Nil, touchgfx::meta::Nil> >, 1>::Partition()	16	static
../TouchGFX/gui/include/gui/common/FrontendHeap.hpp:67:5:FrontendHeap::FrontendHeap()	32	static
../Core/Src/app.cpp:64:13:void AddrAuto_ClearActiveDevices()	8	static
../Core/Src/app.cpp:70:13:void AddrAuto_Start()	16	static
../Core/Src/app.cpp:80:13:void AddrAuto_Process(uint32_t)	32	static
../Core/Src/app.cpp:126:6:void USBSendData(uint8_t*)	16	static
../Core/Src/app.cpp:128:6:void PPKY_GetLastPowerOnDate(RTC_DateTypeDef*, RTC_TimeTypeDef*)	56	static
../Core/Src/app.cpp:150:6:void CommandCB(uint8_t, uint8_t, uint8_t*)	32	static
../Core/Src/app.cpp:213:13:void UartSendPpkyTime()	32	static
../Core/Src/app.cpp:243:6:void AppSetStatus()	48	static
../Core/Src/app.cpp:289:13:void UpdateActiveDeviceList(uint32_t, uint32_t)	32	static
../Core/Src/app.cpp:335:13:void RefreshActiveDevices(uint32_t)	24	static
../Core/Src/app.cpp:350:12:int FindActiveMcuExactIndex(uint8_t, uint8_t, uint8_t, uint8_t)	24	static
../Core/Src/app.cpp:364:12:int FindActiveMcuByZoneHAdrIndex(uint8_t, uint8_t)	24	static
../Core/Src/app.cpp:376:13:void UpdateMcuCanStatus(uint32_t, uint8_t*)	32	static
../Core/Src/app.cpp:415:13:void UpdateActiveVirtualDevices(uint32_t, uint8_t*, uint32_t)	48	static
../Core/Src/app.cpp:515:13:void CheckMkuConfigMismatch()	24	static
../Core/Src/app.cpp:546:6:void SetHAdr(uint8_t)	16	static
../Core/Src/app.cpp:554:9:uint8_t PControlGetSTCB(uint8_t)	24	static
../Core/Src/app.cpp:560:10:uint32_t PControlGetADCCB(uint8_t)	16	static
../Core/Src/app.cpp:573:6:void PControlSetOutCB(uint8_t, uint8_t)	16	static
../Core/Src/app.cpp:578:6:void AppInit()	48	static
../Core/Src/app.cpp:673:17:void PControl_OnStatusFault(uint8_t, uint32_t)	16	static
../Core/Src/app.cpp:679:6:void AppProcess(uint32_t)	24	static
../Core/Src/app.cpp:697:13:void App_UpdatePowerFaultIndication(uint32_t)	40	static
../Core/Src/app.cpp:741:6:void AppTimer1ms()	16	static
../Core/Src/app.cpp:765:6:void AppTimer10ms()	8	static
../Core/Src/app.cpp:785:6:void SetApp(uint32_t, uint32_t, uint32_t)	24	static
../Core/Src/app.cpp:798:6:void RcvSetSystemTime(uint8_t*)	40	static
../Core/Src/app.cpp:825:6:void ResetMCU()	8	static
../Core/Src/app.cpp:833:6:void ListenerCommandCB(uint32_t, uint8_t*)	24	static
../Core/Src/app.cpp:866:17:void Fire_UiUpdate(uint8_t, uint8_t, uint8_t, uint8_t, char (*)[65])	40	static
../Core/Src/app.cpp:872:17:void Warning_UiUpdate(uint8_t, uint8_t, char (*)[24], char (*)[65])	32	static
../Middlewares/ST/touchgfx/framework/include/common/Partition.hpp:58:22:uint16_t touchgfx::Partition<ListOfTypes, NUMBER_OF_ELEMENTS>::capacity() const [with ListOfTypes = touchgfx::meta::TypeList<touchgfx::NoTransition, touchgfx::meta::TypeList<touchgfx::meta::Nil, touchgfx::meta::Nil> >; short unsigned int NUMBER_OF_ELEMENTS = 1]	16	static
../Middlewares/ST/touchgfx/framework/include/common/Partition.hpp:63:22:uint32_t touchgfx::Partition<ListOfTypes, NUMBER_OF_ELEMENTS>::element_size() [with ListOfTypes = touchgfx::meta::TypeList<touchgfx::NoTransition, touchgfx::meta::TypeList<touchgfx::meta::Nil, touchgfx::meta::Nil> >; short unsigned int NUMBER_OF_ELEMENTS = 1]	16	static
../Middlewares/ST/touchgfx/framework/include/common/Partition.hpp:69:19:void* touchgfx::Partition<ListOfTypes, NUMBER_OF_ELEMENTS>::element(uint16_t) [with ListOfTypes = touchgfx::meta::TypeList<touchgfx::NoTransition, touchgfx::meta::TypeList<touchgfx::meta::Nil, touchgfx::meta::Nil> >; short unsigned int NUMBER_OF_ELEMENTS = 1]	16	static
../Middlewares/ST/touchgfx/framework/include/common/Partition.hpp:74:25:const void* touchgfx::Partition<ListOfTypes, NUMBER_OF_ELEMENTS>::element(uint16_t) const [with ListOfTypes = touchgfx::meta::TypeList<touchgfx::NoTransition, touchgfx::meta::TypeList<touchgfx::meta::Nil, touchgfx::meta::Nil> >; short unsigned int NUMBER_OF_ELEMENTS = 1]	16	static
../Middlewares/ST/touchgfx/framework/include/common/Partition.hpp:58:22:uint16_t touchgfx::Partition<ListOfTypes, NUMBER_OF_ELEMENTS>::capacity() const [with ListOfTypes = touchgfx::meta::TypeList<mainscreenView, touchgfx::meta::TypeList<touchgfx::meta::Nil, touchgfx::meta::Nil> >; short unsigned int NUMBER_OF_ELEMENTS = 1]	16	static
../Middlewares/ST/touchgfx/framework/include/common/Partition.hpp:63:22:uint32_t touchgfx::Partition<ListOfTypes, NUMBER_OF_ELEMENTS>::element_size() [with ListOfTypes = touchgfx::meta::TypeList<mainscreenView, touchgfx::meta::TypeList<touchgfx::meta::Nil, touchgfx::meta::Nil> >; short unsigned int NUMBER_OF_ELEMENTS = 1]	16	static
../Middlewares/ST/touchgfx/framework/include/common/Partition.hpp:69:19:void* touchgfx::Partition<ListOfTypes, NUMBER_OF_ELEMENTS>::element(uint16_t) [with ListOfTypes = touchgfx::meta::TypeList<mainscreenView, touchgfx::meta::TypeList<touchgfx::meta::Nil, touchgfx::meta::Nil> >; short unsigned int NUMBER_OF_ELEMENTS = 1]	16	static
../Middlewares/ST/touchgfx/framework/include/common/Partition.hpp:74:25:const void* touchgfx::Partition<ListOfTypes, NUMBER_OF_ELEMENTS>::element(uint16_t) const [with ListOfTypes = touchgfx::meta::TypeList<mainscreenView, touchgfx::meta::TypeList<touchgfx::meta::Nil, touchgfx::meta::Nil> >; short unsigned int NUMBER_OF_ELEMENTS = 1]	16	static
../Middlewares/ST/touchgfx/framework/include/common/Partition.hpp:58:22:uint16_t touchgfx::Partition<ListOfTypes, NUMBER_OF_ELEMENTS>::capacity() const [with ListOfTypes = touchgfx::meta::TypeList<ScreenMenuPresenter, touchgfx::meta::TypeList<touchgfx::meta::Nil, touchgfx::meta::Nil> >; short unsigned int NUMBER_OF_ELEMENTS = 1]	16	static
../Middlewares/ST/touchgfx/framework/include/common/Partition.hpp:63:22:uint32_t touchgfx::Partition<ListOfTypes, NUMBER_OF_ELEMENTS>::element_size() [with ListOfTypes = touchgfx::meta::TypeList<ScreenMenuPresenter, touchgfx::meta::TypeList<touchgfx::meta::Nil, touchgfx::meta::Nil> >; short unsigned int NUMBER_OF_ELEMENTS = 1]	16	static
../Middlewares/ST/touchgfx/framework/include/common/Partition.hpp:69:19:void* touchgfx::Partition<ListOfTypes, NUMBER_OF_ELEMENTS>::element(uint16_t) [with ListOfTypes = touchgfx::meta::TypeList<ScreenMenuPresenter, touchgfx::meta::TypeList<touchgfx::meta::Nil, touchgfx::meta::Nil> >; short unsigned int NUMBER_OF_ELEMENTS = 1]	16	static
../Middlewares/ST/touchgfx/framework/include/common/Partition.hpp:74:25:const void* touchgfx::Partition<ListOfTypes, NUMBER_OF_ELEMENTS>::element(uint16_t) const [with ListOfTypes = touchgfx::meta::TypeList<ScreenMenuPresenter, touchgfx::meta::TypeList<touchgfx::meta::Nil, touchgfx::meta::Nil> >; short unsigned int NUMBER_OF_ELEMENTS = 1]	16	static
../Middlewares/ST/touchgfx/framework/include/touchgfx/Callback.hpp:449:18:void touchgfx::Callback<dest_type, void, void, void>::execute() [with dest_type = FrontendApplication]	16	static
../Middlewares/ST/touchgfx/framework/include/touchgfx/Callback.hpp:459:18:bool touchgfx::Callback<dest_type, void, void, void>::isValid() const [with dest_type = FrontendApplication]	16	static
../Middlewares/ST/touchgfx/framework/include/touchgfx/Callback.hpp:449:18:void touchgfx::Callback<dest_type, void, void, void>::execute() [with dest_type = FrontendApplicationBase]	16	static
../Middlewares/ST/touchgfx/framework/include/touchgfx/Callback.hpp:459:18:bool touchgfx::Callback<dest_type, void, void, void>::isValid() const [with dest_type = FrontendApplicationBase]	16	static
