../Core/Src/beeper.c:57:17:Beeper_MsToTicks	24	static
../Core/Src/beeper.c:70:13:Beeper_On	4	static
../Core/Src/beeper.c:80:13:Beeper_Off	4	static
../Core/Src/beeper.c:85:16:Beeper_IsOneShotState	16	static
../Core/Src/beeper.c:92:13:Beeper_CaptureResumeStateIfNeeded	4	static
../Core/Src/beeper.c:113:13:Beeper_RestoreAfterOneShot	8	static
../Core/Src/beeper.c:158:6:Beeper_Init	8	static
../Core/Src/beeper.c:169:6:Beeper_ShortBeep	8	static
../Core/Src/beeper.c:183:6:Beeper_DoubleShortBeep	8	static
../Core/Src/beeper.c:197:6:Beeper_LongBeep	8	static
../Core/Src/beeper.c:208:6:Beeper_LongBeep1300ms	8	static
../Core/Src/beeper.c:216:6:Beeper_ContinuousOn	8	static
../Core/Src/beeper.c:225:6:Beeper_FireAlarmOn	8	static
../Core/Src/beeper.c:235:6:Beeper_FireAlarmOff	8	static
../Core/Src/beeper.c:246:6:Beeper_ContinuousOff	8	static
../Core/Src/beeper.c:256:6:Beeper_StopPattern	8	static
../Core/Src/beeper.c:268:6:Beeper_ContinuousToggle	8	static
../Core/Src/beeper.c:280:6:Beeper_PlayOneShotMs	16	static
../Core/Src/beeper.c:288:6:Beeper_StartPulseTrain	24	static
../Core/Src/beeper.c:307:6:Beeper_ButtonAcknowledge	8	static
../Core/Src/beeper.c:316:6:Beeper_Process	8	static
../Core/Src/beeper.c:449:6:Beeper_SoundOnOff	16	static
