../Core/Src/can_bus.c:65:13:check_can_bus	64	static
../Core/Src/can_bus.c:87:13:can_rx_push	32	static
../Core/Src/can_bus.c:111:13:CanTxEnqueueOne	32	static
../Core/Src/can_bus.c:135:13:CanTxEnqueue	32	static
../Core/Src/can_bus.c:145:13:App_CanTxProcessBus	64	static
../Core/Src/can_bus.c:179:13:can_rx_drain_fifo	72	static
../Core/Src/can_bus.c:192:6:CanRxPush	24	static
../Core/Src/can_bus.c:197:6:CanInit	16	static
../Core/Src/can_bus.c:206:6:CanProcess	40	static
../Core/Src/can_bus.c:301:6:App_CanTxProcess	8	static
../Core/Src/can_bus.c:311:6:CANSendData	32	static
../Core/Src/can_bus.c:329:6:HAL_FDCAN_RxFifo0Callback	16	static
../Core/Src/can_bus.c:339:6:HAL_FDCAN_RxFifo1Callback	16	static
../Core/Src/can_bus.c:349:6:HAL_FDCAN_ErrorStatusCallback	16	static
