../Core/Src/config_sync.cpp:66:16:uint8_t IsMcuType(uint8_t)	16	static
../Core/Src/config_sync.cpp:75:16:uint8_t IsValidCfgSlot(uint8_t)	16	static
../Core/Src/config_sync.cpp:82:13:void BuildCfgListFromActiveDevices()	16	static
../Core/Src/config_sync.cpp:102:13:void CfgSync_SendReq(const Device*, uint8_t, const uint8_t*, uint32_t)	40	static
../Core/Src/config_sync.cpp:124:13:void CfgSync_ResendReq(uint32_t)	32	static
../Core/Src/config_sync.cpp:143:13:void CfgSync_MarkCurrentFailed()	4	static
../Core/Src/config_sync.cpp:150:13:void CfgSync_Finish(uint8_t, uint8_t)	16	static
../Core/Src/config_sync.cpp:162:16:uint8_t CfgSync_StartTargetByPos(uint32_t)	24	static
../Core/Src/config_sync.cpp:188:13:void CfgSync_StartCommon(CfgSyncOp, uint8_t)	24	static
../Core/Src/config_sync.cpp:212:13:void CfgSync_NextTargetOrFinish(uint32_t)	24	static
../Core/Src/config_sync.cpp:221:13:void CfgSync_HandleCfgSizeReply(const uint8_t*, uint32_t)	48	static
../Core/Src/config_sync.cpp:277:13:void CfgSync_HandleCfgWordReply(const uint8_t*, uint32_t)	40	static
../Core/Src/config_sync.cpp:309:13:void CfgSync_HandleCfgCrcReply(const uint8_t*, uint32_t)	16	static
../Core/Src/config_sync.cpp:322:13:void CfgSync_HandleSetCfgWordReply(const uint8_t*, uint32_t)	72	static
../Core/Src/config_sync.cpp:381:17:void ConfigSync_Init(PPKYCfg*, ActiveDeviceInfo*, uint8_t*, void (*)(), uint8_t*)	24	static
../Core/Src/config_sync.cpp:394:17:void ConfigSync_Process1ms(uint32_t)	16	static
../Core/Src/config_sync.cpp:424:17:void ConfigSync_OnListenerMessage(uint32_t, const uint8_t*)	24	static
../Core/Src/config_sync.cpp:466:17:void ConfigSync_StartReadAllAndSave()	8	static
../Core/Src/config_sync.cpp:470:17:void ConfigSync_StartVerify()	8	static
../Core/Src/config_sync.cpp:474:17:void ConfigSync_StartApply()	8	static
../Core/Src/config_sync.cpp:478:20:uint8_t ConfigSync_IsBusy()	4	static
