../Core/Src/fire.c:244:13:Fire_BeeperEnterAlert	16	static
../Core/Src/fire.c:260:13:Fire_BeeperEnterDuty	16	static
../Core/Src/fire.c:276:13:Fire_BeeperEnterStartPattern	16	static
../Core/Src/fire.c:289:13:Fire_BeeperTick	16	static
../Core/Src/fire.c:304:13:Fire_StartAllHoldSoundOn	8	static
../Core/Src/fire.c:315:13:Fire_StartAllHoldSoundOff	8	static
../Core/Src/fire.c:334:16:Fire_ZoneCanToIdx	16	static
../Core/Src/fire.c:343:16:Fire_DebugZoneIndex	24	static
../Core/Src/fire.c:352:16:Fire_ZoneDelaySec	16	static
../Core/Src/fire.c:357:13:Fire_GetModuleDelays	32	static
../Core/Src/fire.c:364:16:Fire_CollectSortedIgniterTargetsByZone	40	static
../Core/Src/fire.c:401:16:Fire_CollectSortedIgniterTargetsAll	40	static
../Core/Src/fire.c:440:16:Fire_DeviceHasIgniterVdev	24	static
../Core/Src/fire.c:453:13:Fire_SendStartToIgniterAddr	32	static
../Core/Src/fire.c:475:13:Fire_SendStopToIgniterAddr	32	static
../Core/Src/fire.c:494:13:Fire_SendPauseToIgniterAddr	32	static
../Core/Src/fire.c:513:13:Fire_SendResumeToIgniterAddr	32	static
../Core/Src/fire.c:532:16:Fire_RetryFind	24	static
../Core/Src/fire.c:547:16:Fire_RetryAlloc	16	static
../Core/Src/fire.c:557:13:Fire_RetryQueueStart	32	static
../Core/Src/fire.c:581:13:Fire_RetryQueueStop	24	static
../Core/Src/fire.c:605:13:Fire_RetryQueuePause	24	static
../Core/Src/fire.c:628:13:Fire_RetryQueueResume	24	static
../Core/Src/fire.c:651:13:Fire_RetryProcess	24	static
../Core/Src/fire.c:683:13:Fire_RetryAckByMsgId	32	static
../Core/Src/fire.c:704:13:Fire_RetryCancelAll	8	static
../Core/Src/fire.c:709:13:Fire_RetryCancelKind	24	static
../Core/Src/fire.c:718:13:SetErrIgnNotStart	16	static
../Core/Src/fire.c:724:13:Fire_SendPhase1Zone	96	static
../Core/Src/fire.c:738:13:Fire_SendPhase2Zone	96	static
../Core/Src/fire.c:751:13:Fire_SendStopAllMcus	144	static
../Core/Src/fire.c:765:13:Fire_PauseCountdownAndDispatch	96	static
../Core/Src/fire.c:789:13:Fire_ResumeCountdownAndDispatch	96	static
../Core/Src/fire.c:809:13:Fire_SendTemporaryRelayToggleByZone	40	static
../Core/Src/fire.c:839:15:Fire_FindSlotZone	24	static
../Core/Src/fire.c:849:15:Fire_AllocSlot	16	static
../Core/Src/fire.c:859:16:Fire_IsAndEnabledForZone	24	static
../Core/Src/fire.c:868:16:Fire_CountOnlineDptForZone	24	static
../Core/Src/fire.c:887:16:Fire_IsAndEffectiveForZone	16	static
../Core/Src/fire.c:895:17:Fire_SourceKeyFromMsgId	24	static
../Core/Src/fire.c:904:16:Fire_AddSourceToSlot	24	static
../Core/Src/fire.c:923:16:Fire_HasFire1Waiting	16	static
../Core/Src/fire.c:933:16:Fire_ZoneIsFire1Waiting	24	static
../Core/Src/fire.c:946:16:Fire_ShouldUseFire1Sound	8	static
../Core/Src/fire.c:951:16:Fire_PromoteFire1WhenAndUnavailable	24	static
../Core/Src/fire.c:975:16:Fire_TryAddNewFireZone	40	static
../Core/Src/fire.c:1022:13:Fire_ClearAllSlots	8	static
../Core/Src/fire.c:1029:16:Fire_AnyActiveSlot	16	static
../Core/Src/fire.c:1039:16:Fire_CountPendingPhase2	16	static
../Core/Src/fire.c:1050:16:Fire_MinRemainingSec	40	static
../Core/Src/fire.c:1093:16:Fire_RemainingSecForZone	32	static
../Core/Src/fire.c:1142:16:Fire_ProcessAutoDeadlines	24	static
../Core/Src/fire.c:1165:13:Fire_Phase2AllPending	16	static
../Core/Src/fire.c:1176:16:Fire_Phase2SelectedPending	24	static
../Core/Src/fire.c:1193:13:Fire_SendStopZone	88	static
../Core/Src/fire.c:1212:16:Fire_GetSelectedZoneFromUi	40	static
../Core/Src/fire.c:1226:16:Fire_StartAllExistingZonesAndMarkSlots	160	static
../Core/Src/fire.c:1282:16:Fire_ZoneAllIgnitersEndAck	24	static
../Core/Src/fire.c:1303:16:Fire_AllActiveZonesEndAck	16	static
../Core/Src/fire.c:1318:13:Fire_SyncStateFromSlots	8	static
../Core/Src/fire.c:1332:16:Fire_BuildUiZoneList	32	static
../Core/Src/fire.c:1374:13:Fire_FillZoneNamesForUi	120	static
../Core/Src/fire.c:1407:13:Fire_UpdateUiText	40	static
../Core/Src/fire.c:1444:13:Fire_SetIdleIndication	8	static
../Core/Src/fire.c:1468:13:Fire_SetStartAllBrightness	24	static
../Core/Src/fire.c:1479:13:Fire_EnterManualStop	16	static
../Core/Src/fire.c:1497:13:Fire_ApplyFireModePolicy	24	static
../Core/Src/fire.c:1518:16:Fire_ButtonPressedEvent	24	static
../Core/Src/fire.c:1531:13:Fire_ApplyStateLeds	32	static
../Core/Src/fire.c:1591:13:Fire_Transition	1096	static
../Core/Src/fire.c:1857:6:Fire_Init	8	static
../Core/Src/fire.c:1877:6:Fire_Timer1ms	16	static
../Core/Src/fire.c:1894:6:Fire_Timer10ms	16	static
../Core/Src/fire.c:1936:6:Fire_OnStatusFire	40	static
../Core/Src/fire.c:1961:6:Fire_OnReplyStatusFire	16	static
../Core/Src/fire.c:1968:6:Fire_OnStopExtinguishment	16	static
../Core/Src/fire.c:1974:6:Fire_OnPauseExtinguishmentTimer	16	static
../Core/Src/fire.c:1980:6:Fire_OnResumeExtinguishmentTimer	16	static
../Core/Src/fire.c:1986:6:Fire_OnReplyStartExtinguishment	16	static
../Core/Src/fire.c:1991:6:Fire_OnReplyStopExtinguishment	16	static
../Core/Src/fire.c:1996:6:Fire_OnReplyPauseExtinguishmentTimer	16	static
../Core/Src/fire.c:2001:6:Fire_OnReplyResumeExtinguishmentTimer	16	static
../Core/Src/fire.c:2007:9:Fire_IsActive	8	static
../Core/Src/fire.c:2013:6:Fire_UiSetManualSelection	16	static
