../Core/Src/main.c:101:6:HAL_TIM_PeriodElapsedCallback	16	static
../Core/Src/main.c:115:5:main	56	static
../Core/Src/main.c:262:6:SystemClock_Config	120	static
../Core/Src/main.c:335:13:MX_ADC1_Init	40	static
../Core/Src/main.c:430:13:MX_CRC_Init	8	static
../Core/Src/main.c:461:13:MX_FDCAN1_Init	8	static
../Core/Src/main.c:519:13:MX_FDCAN2_Init	32	static
../Core/Src/main.c:594:13:MX_FLASH_Init	8	static
../Core/Src/main.c:623:13:MX_GPDMA1_Init	16	static
../Core/Src/main.c:653:13:MX_ICACHE_Init	8	static
../Core/Src/main.c:685:13:MX_RTC_Init	64	static
../Core/Src/main.c:769:13:MX_SPI1_Init	8	static
../Core/Src/main.c:817:13:MX_TIM1_Init	40	static
../Core/Src/main.c:864:13:MX_TIM2_Init	40	static
../Core/Src/main.c:909:13:MX_USART1_UART_Init	8	static
../Core/Src/main.c:957:13:MX_USART2_UART_Init	8	static
../Core/Src/main.c:1005:13:MX_GPIO_Init	48	static
../Core/Src/main.c:1074:9:SetUpdateWord	16	static
../Core/Src/main.c:1076:10:GetAppVersion	4	static
../Core/Src/main.c:1081:9:FinishUpdateTransmit	4	static
../Core/Src/main.c:1088:6:MPU_Config	32	static
../Core/Src/main.c:1124:6:Error_Handler	4	static,ignoring_inline_asm
