../Core/Src/spif.c:75:6:SPIF_Lock	16	static
../Core/Src/spif.c:86:6:SPIF_UnLock	16	static
../Core/Src/spif.c:93:6:SPIF_CsPin	24	static
../Core/Src/spif.c:101:6:SPIF_TransmitReceive	40	static
../Core/Src/spif.c:143:6:SPIF_Transmit	32	static
../Core/Src/spif.c:185:6:SPIF_Receive	32	static
../Core/Src/spif.c:227:6:SPIF_WriteEnable	24	static
../Core/Src/spif.c:243:6:SPIF_WriteDisable	24	static
../Core/Src/spif.c:259:9:SPIF_ReadReg1	32	static
../Core/Src/spif.c:275:9:SPIF_ReadReg2	32	static
../Core/Src/spif.c:291:9:SPIF_ReadReg3	32	static
../Core/Src/spif.c:307:6:SPIF_WriteReg1	24	static
../Core/Src/spif.c:337:6:SPIF_WriteReg2	24	static
../Core/Src/spif.c:367:6:SPIF_WriteReg3	24	static
../Core/Src/spif.c:397:6:SPIF_WaitForWriting	24	static
../Core/Src/spif.c:420:6:SPIF_FindChip	40	static
../Core/Src/spif.c:563:6:SPIF_WriteFn	48	static
../Core/Src/spif.c:651:6:SPIF_ReadFn	56	static
../Core/Src/spif.c:739:6:SPIF_Init	32	static
../Core/Src/spif.c:777:6:SPIF_EraseChip	24	static
../Core/Src/spif.c:814:6:SPIF_EraseSector	32	static
../Core/Src/spif.c:877:6:SPIF_EraseBlock	32	static
../Core/Src/spif.c:940:6:SPIF_WriteAddress	64	static
../Core/Src/spif.c:980:6:SPIF_WritePage	40	static
../Core/Src/spif.c:991:6:SPIF_WriteSector	56	static
../Core/Src/spif.c:1031:6:SPIF_WriteBlock	56	static
../Core/Src/spif.c:1073:6:SPIF_ReadAddress	32	static
../Core/Src/spif.c:1084:6:SPIF_ReadPage	40	static
../Core/Src/spif.c:1101:6:SPIF_ReadSector	40	static
../Core/Src/spif.c:1118:6:SPIF_ReadBlock	40	static
