../Core/Src/stm32h5xx_it.c:78:6:NMI_Handler	4	static
../Core/Src/stm32h5xx_it.c:93:6:HardFault_Handler	4	static
../Core/Src/stm32h5xx_it.c:108:6:MemManage_Handler	4	static
../Core/Src/stm32h5xx_it.c:123:6:BusFault_Handler	4	static
../Core/Src/stm32h5xx_it.c:138:6:UsageFault_Handler	4	static
../Core/Src/stm32h5xx_it.c:153:6:SVC_Handler	4	static
../Core/Src/stm32h5xx_it.c:166:6:DebugMon_Handler	4	static
../Core/Src/stm32h5xx_it.c:179:6:PendSV_Handler	4	static
../Core/Src/stm32h5xx_it.c:192:6:SysTick_Handler	8	static
../Core/Src/stm32h5xx_it.c:213:6:GPDMA1_Channel0_IRQHandler	8	static
../Core/Src/stm32h5xx_it.c:227:6:GPDMA1_Channel1_IRQHandler	8	static
../Core/Src/stm32h5xx_it.c:241:6:ADC1_IRQHandler	8	static
../Core/Src/stm32h5xx_it.c:255:6:FDCAN1_IT0_IRQHandler	8	static
../Core/Src/stm32h5xx_it.c:269:6:TIM1_UP_IRQHandler	8	static
../Core/Src/stm32h5xx_it.c:283:6:TIM2_IRQHandler	8	static
../Core/Src/stm32h5xx_it.c:297:6:USART2_IRQHandler	8	static
../Core/Src/stm32h5xx_it.c:311:6:FDCAN2_IT0_IRQHandler	8	static
